Last login: Tue Mar  7 16:04:09 on ttys001
/Users/tony/.zprofile:1: no such file or directory: /opt/homebrew/bin/brew
/Users/tony/.zshrc:27: command not found: nproc
tony@Tonys-MBP rails-rennie % cd ~
tony@Tonys-MBP ~ % cd Downloads 
tony@Tonys-MBP Downloads % head -n 1 r2_development_bkp.dump 
*GDMP  zr2_development13.313.0$0ENCODINENCODINGSET client_encoding = 'UTF8';
tony@Tonys-MBP Downloads % head -n 2 r2_development_bkp.dump
*GDMP  zr2_development13.313.0$0ENCODINENCODINGSET client_encoding = 'UTF8';
false00
tony@Tonys-MBP Downloads % head -n10  r2_development_bkp.dump
*GDMP  zr2_development13.313.0$0ENCODINENCODINGSET client_encoding = 'UTF8';
false00
STDSTRINGS
STDSTRINGS(SET standard_conforming_strings = 'on';
false00
SEARCHPATH
SEARCHPATH8SELECT pg_catalog.set_config('search_path', '', false);
false126216389r2_developmenDATABASEYCREATE DATABASE r2_development WITH TEMPLATE = template0 ENCODING = 'UTF8' LOCALE = 'C';
DROP DATABASE r2_development;
duylefalse261516391apgccSCHEMACREATE SCHEMA apgcc;
tony@Tonys-MBP Downloads % head -n10  r2_development_bkp (1).dump 
zsh: no matches found: (1).dump
tony@Tonys-MBP Downloads % head -n10  r2_development_bkp.dump    
*GDMP  zr2_development13.313.0$0ENCODINENCODINGSET client_encoding = 'UTF8';
false00
STDSTRINGS
STDSTRINGS(SET standard_conforming_strings = 'on';
false00
SEARCHPATH
SEARCHPATH8SELECT pg_catalog.set_config('search_path', '', false);
false126216389r2_developmenDATABASEYCREATE DATABASE r2_development WITH TEMPLATE = template0 ENCODING = 'UTF8' LOCALE = 'C';
DROP DATABASE r2_development;
duylefalse261516391apgccSCHEMACREATE SCHEMA apgcc;
tony@Tonys-MBP Downloads % 
  [Restored Mar 8, 2023 at 9:37:18 AM]
Last login: Wed Mar  8 09:37:18 on ttys000
/Users/tony/.zprofile:1: no such file or directory: /opt/homebrew/bin/brew
Restored session: Wed  8 Mar 2023 09:37:12 PST
/Users/tony/.zshrc:27: command not found: nproc
tony@Tonys-MBP Downloads %     
tony@Tonys-MBP Downloads % 
tony@Tonys-MBP Downloads % docker ps
CONTAINER ID   IMAGE     COMMAND   CREATED   STATUS    PORTS     NAMES
tony@Tonys-MBP Downloads % docker cp ~/Downloads/r2_development_bkp.dump rails-rennie_postgres_1:./r2_development_bkp.dump
tony@Tonys-MBP Downloads % docker exec rails-rennie_postgres_1 pg_restore --jobs=4 -U postgres -d rennie_development /r2_development_bkp.dump


pg_restore: error: error returned by PQputCopyData: server closed the connection unexpectedly
	This probably means the server terminated abnormally
	before or while processing the request.
pg_restore: error: a worker process died unexpectedly
tony@Tonys-MBP Downloads % 
tony@Tonys-MBP Downloads % 
tony@Tonys-MBP Downloads % ls -al                                                                                                   
total 17080896
drwx------+ 259 tony  staff   8.1K  8 Mar 09:33 ./
drwxr-x---+ 120 tony  staff   3.8K  8 Mar 11:50 ../
-rw-r--r--@   1 tony  staff    12K  1 Feb 09:43 .DS_Store
-rw-r--r--    1 tony  staff     0B  4 Mar  2022 .localized
-rw-r--r--@   1 tony  staff    77K 24 Aug  2022 1930304_60119910076_3834_n.jpg
-rw-r--r--@   1 tony  staff    55K  9 Sep 10:25 236614607_10224352735778996_6458391150211178506_n.jpeg
-rw-r--r--@   1 tony  staff   1.6K  5 Oct 10:11 253701_private_rsa (1).pem
-rw-r--r--@   1 tony  staff   1.6K  5 Dec 12:04 253701_private_rsa (2).pem
-rw-------@   1 tony  staff   1.6K 24 Aug  2022 253701_private_rsa.pem
-rw-r--r--@   1 tony  staff    26K 21 Feb 13:54 30.png
-rw-r--r--@   1 tony  staff    20M 27 Mar  2022 3270.zip
-rw-r--r--@   1 tony  staff    62B  7 Dec 10:38 6E6A6CB04E921AF558BE7A9C8652B130DC498424.txt
-rw-r--r--@   1 tony  staff    81K 10 Aug  2022 70575 (1).html
-rw-r--r--@   1 tony  staff    78K 10 Aug  2022 70575.html
-rw-r--r--@   1 tony  staff   4.7K  6 Dec 10:17 ACCC4CF8 (1).asc
-rw-r--r--@   1 tony  staff   4.7K  6 Dec 10:17 ACCC4CF8.asc
-rw-r--r--@   1 tony  staff   608K 11 Aug  2022 ACFrOgAP768fd7xOHsAw_29KZ-Rse-RBwaubRKApsfUE3A0SQN2gWmrNiiN3oHNkuBiq0wEpHA0t-kufm3CJlcixDwkXRvqLwaUe72IpoLCnKPKbC5YxwRbYUmr67T4= (1) (1).pdf
-rw-r--r--@   1 tony  staff   608K 11 Aug  2022 ACFrOgAP768fd7xOHsAw_29KZ-Rse-RBwaubRKApsfUE3A0SQN2gWmrNiiN3oHNkuBiq0wEpHA0t-kufm3CJlcixDwkXRvqLwaUe72IpoLCnKPKbC5YxwRbYUmr67T4= (1).pdf
-rw-------@   1 tony  staff   710K 11 Aug  2022 ACFrOgAP768fd7xOHsAw_29KZ-Rse-RBwaubRKApsfUE3A0SQN2gWmrNiiN3oHNkuBiq0wEpHA0t-kufm3CJlcixDwkXRvqLwaUe72IpoLCnKPKbC5YxwRbYUmr67T4=.pdf
-rw-r--r--@   1 tony  staff    58M 21 Feb 13:24 Advisor-Highlight-Tutorial-Video (1).mp4
-rw-r--r--@   1 tony  staff    58M  9 Feb 19:13 Advisor-Highlight-Tutorial-Video.mp4
-rw-r--r--@   1 tony  staff   230K 12 Mar  2022 Apple_new-m1-chip-graphic_11102020_big.jpg.large_2x.jpg
drwxrwx---@   3 tony  staff    96B  3 Jun  2022 Battle.net-Setup.app/
-rw-r--r--@   1 tony  staff   3.0M  8 Nov 17:07 Battle.net-Setup.zip
-rw-r--r--@   1 tony  staff   318K 30 Aug  2022 Blank diagram (1).png
-rw-r--r--@   1 tony  staff   281K 25 Aug  2022 Blank diagram.png
-rw-r--r--@   1 tony  staff    13K 13 May  2022 CREDIT AUTHORIZATION FORM.docx
-rw-r--r--@   1 tony  staff   730K 13 May  2022 CREDIT AUTHORIZATION FORM.pages
-rw-r--r--@   1 tony  staff    25K 10 Aug  2022 ChangeLogSet.html
-rw-r--r--@   1 tony  staff   143K 31 Mar  2022 Confirmation Page _ BCAA.pdf
-rw-r--r--@   1 tony  staff    24M 27 May  2022 DEMONS X BAKA.wav
-rw-r--r--@   1 tony  staff   559M  5 Jul  2022 Docker (1).dmg
-rw-r--r--@   1 tony  staff   534M 17 Mar  2022 Docker.dmg
-rw-r--r--@   1 tony  staff    46K  9 Sep 10:51 Estimate.pdf
-rw-r--r--@   1 tony  staff   135M 13 Sep 10:31 Firefox 105.0b9.dmg
-rw-r--r--@   1 tony  staff   126M  7 Feb 10:10 Firefox 109.0.1.dmg
-rw-r--r--@   1 tony  staff     0B  8 Mar  2022 GET_httpsrennie.com_Request-2022-03-03T043945.000Z
-rw-r--r--@   1 tony  staff     0B 15 Mar  2022 GET_httpsrennie.com_Request-2022-03-15T052444.000Z
-rw-r--r--@   1 tony  staff     0B 19 Apr  2022 GET_httpsrennie.com_Request-2022-04-19T170946.000Z
-rw-r--r--@   1 tony  staff     0B 20 Apr  2022 GET_httpsrennie.com_Request-2022-04-21T011459 (1).000Z
-rw-r--r--@   1 tony  staff     0B 20 Apr  2022 GET_httpsrennie.com_Request-2022-04-21T011459.000Z
-rw-r--r--@   1 tony  staff     0B 21 Apr  2022 GET_httpsrennie.com_Request-2022-04-21T222450.000Z
-rw-r--r--@   1 tony  staff     0B 29 May  2022 GET_httpsrennie.com_Request-2022-05-29T010948.000Z
-rw-r--r--@   1 tony  staff   200K 31 Mar  2022 GET_httpsrennie.com_Response-2022-03-31T205950.000Z
-rw-r--r--@   1 tony  staff   189B 19 Apr  2022 GET_httpsrennie.com_Response-2022-04-19T223419.000Z
-rw-r--r--@   1 tony  staff     0B 28 Jun  2022 GET_httpsrennie.comabout_Request-2022-06-28T222446 (1).000Z
-rw-r--r--@   1 tony  staff     0B 28 Jun  2022 GET_httpsrennie.comabout_Request-2022-06-28T222446.000Z
-rw-r--r--@   1 tony  staff     0B  6 Sep  2022 GET_httpsstg-workflow.rennie.comloginnext=http%3A%2F%2Fec2-52-60-45-109.ca-central-1.compute.amazonaws.com%3A8080%2Fhome_Request-2022-09-06T051725.000Z
-rw-r--r--@   1 tony  staff   324K 14 Mar  2022 How+to+Setup+Chef+Locally.html
-rw-r--r--@   1 tony  staff   1.3M  7 Nov 17:48 IMG_1570.jpg
-rw-r--r--@   1 tony  staff   1.1M 16 Jul  2022 Image from iOS (1).jpg
-rw-r--r--@   1 tony  staff   1.1M 16 Jul  2022 Image from iOS.jpg
-rw-r--r--@   1 tony  staff    17K 30 Nov 13:26 InRelease
-rw-r--r--@   1 tony  staff   154K 23 Feb 08:55 Infrastructure-as-code blue gradient concept icon Vector Image.html
drwx------@  46 tony  staff   1.4K 23 Feb 08:55 Infrastructure-as-code blue gradient concept icon Vector Image_files/
drwxr-xr-x@   3 tony  staff    96B 25 Feb  2022 Install Spotify.app/
-rw-r--r--@   1 tony  staff    97K 13 Jun  2022 Invoice_960212417.pdf
-rw-r--r--@   1 tony  staff    15K 23 Sep 14:42 JD - DevOps Engineer (1).docx
-rw-r--r--@   1 tony  staff    15K 23 Sep 12:19 JD - DevOps Engineer.docx
-rw-r--r--@   1 tony  staff   615K 25 Nov 12:49 Jenkins Distributed Worker Architecture Setup. (1).png
-rw-r--r--@   1 tony  staff   207K 21 Jan 10:47 Jenkins Distributed Worker Architecture Setup. (2).png
-rw-r--r--@   1 tony  staff   216K 21 Jan 10:46 Jenkins Distributed Worker Architecture Setup..pdf
-rw-r--r--@   1 tony  staff   572K 24 Nov 13:56 Jenkins Distributed Worker Architecture Setup..png
-rw-r--r--@   1 tony  staff   631K 24 Nov 23:58 Jenkins Interim Solution (1).png
-rw-r--r--@   1 tony  staff   691K 25 Nov 12:40 Jenkins Interim Solution (2).png
-rw-r--r--@   1 tony  staff   695K 25 Nov 12:41 Jenkins Interim Solution (3).png
-rw-r--r--@   1 tony  staff   310K 21 Jan 09:56 Jenkins Interim Solution (4).png
-rw-r--r--@   1 tony  staff   227K 21 Jan 10:49 Jenkins Interim Solution (5).png
-rw-r--r--@   1 tony  staff   286K 24 Nov 23:39 Jenkins Interim Solution.png
-rw-r--r--@   1 tony  staff   171K 21 Jan 09:51 LinkedIn.pdf
-rw-r--r--@   1 tony  staff   286M 28 Apr  2022 MicrosoftEdge-100.0.1185.50.pkg
-rw-r--r--@   1 tony  staff    83K  9 Aug  2022 N2KHt.png
-rw-r--r--@   1 tony  staff   1.0M  6 Feb 14:25 Packages
-rw-r--r--@   1 tony  staff   151K 19 Oct 11:27 R2-Docker System Architecture (1).png
-rw-r--r--@   1 tony  staff   185K  5 Nov 22:47 R2-Docker System Architecture (2).png
-rw-r--r--@   1 tony  staff   199K  5 Nov 22:50 R2-Docker System Architecture (3).png
-rw-r--r--@   1 tony  staff   187K  5 Nov 22:50 R2-Docker System Architecture.pdf
-rw-r--r--@   1 tony  staff    66K 19 Oct 11:17 R2-Docker System Architecture.png
-rw-r--r--@   1 tony  staff   473M 16 Nov 15:31 Rennie & Builder.io- Working Session  (2022-11-16 10_05 GMT-8).mp4
-rw-r--r--@   1 tony  staff   215K 30 Aug  2022 Rennie-desk-frontend (1).png
-rw-r--r--@   1 tony  staff   268K 15 Nov 10:55 Rennie-desk-frontend (2).png
-rw-r--r--@   1 tony  staff    59K 15 Nov 10:57 Rennie-desk-frontend (3).png
-rw-r--r--@   1 tony  staff   215K 30 Aug  2022 Rennie-desk-frontend.png
-rw-r--r--@   1 tony  staff    38K 21 Feb 13:54 Screenshot+2023-02-01+at+12.06.51+PM.png
-rw-r--r--@   1 tony  staff   154M  6 Mar  2022 Slack-4.23.0-macOS.dmg
-rw-r--r--@   1 tony  staff    18M 31 Aug  2022 Stacey RDES-934 (1).pdf
-rw-r--r--@   1 tony  staff    18M 31 Aug  2022 Stacey RDES-934 (2).pdf
-rw-r--r--@   1 tony  staff    18M 31 Aug  2022 Stacey RDES-934.pdf
-rw-r--r--@   1 tony  staff   318K 31 Aug  2022 TELUS-605130605-2022-08-14.pdf
-rw-r--r--@   1 tony  staff   6.5K 31 Aug  2022 TEST R2323601.pdf
-rw-r--r--@   1 tony  staff   6.5K 31 Aug  2022 Test report 3 (1).pdf
-rw-r--r--@   1 tony  staff   6.5K 31 Aug  2022 Test report 3 (2).pdf
-rw-r--r--@   1 tony  staff   2.3M 31 Aug  2022 Test report 3 (3).pdf
-rw-r--r--@   1 tony  staff    21M  1 Sep  2022 Test report 3 (4).pdf
-rw-r--r--@   1 tony  staff   6.5K 31 Aug  2022 Test report 3.pdf
-rw-r--r--@   1 tony  staff    66K  8 Mar  2022 Tony Truong - VOID Cheque.pdf
-rw-r--r--@   1 tony  staff   3.0M 29 Jun  2022 Tony Truoung PROOFS.pdf
-rw-r--r--@   1 tony  staff   140K  1 Sep  2022 Tony Truoung.png
-rw-r--r--@   1 tony  staff   236K 20 Oct 18:43 Tony.jpeg
-rw-r--r--@   1 tony  staff   2.7M 20 Oct 18:40 Tony.png
-rw-r--r--@   1 tony  staff   1.1M 20 Oct 18:37 TonyTruoung.jpg
-rw-r--r--@   1 tony  staff    68K 20 Jul  2022 Tony_Truong_Resume_2 (1).pdf
-rw-r--r--@   1 tony  staff    68K 20 Jul  2022 Tony_Truong_Resume_2 (2).pdf
-rw-r--r--@   1 tony  staff    68K 30 Jun  2022 Tony_Truong_Resume_2.PDF
-rw-r--r--@   1 tony  staff    60K 17 Mar  2022 Tonytruong-Paystub.pdf
-rw-r--r--@   1 tony  staff   305K 13 Jun  2022 UC9wMaq-ufJXOsAQxQzJhsog.html
-rw-r--r--@   1 tony  staff    67K 11 Aug  2022 View and Print Void Cheque - RBC Online Banking (1).pdf
-rw-r--r--@   1 tony  staff    67K 11 Aug  2022 View and Print Void Cheque - RBC Online Banking.pdf
drwxr-xr-x@   3 tony  staff    96B  2 Mar  2022 Visual Studio Code.app/
-rw-r--r--@   1 tony  staff   855K 27 May  2022 YT.html
drwx------@  70 tony  staff   2.2K 27 May  2022 YT_files/
-rw-r--r--@   1 tony  staff    60K 29 Jun  2022 alert.gif
-rw-r--r--@   1 tony  staff    58K  7 Jul  2022 all.xlsx
-rw-r--r--@   1 tony  staff   2.0K 13 May  2022 ansible-vault-key.yml
-rw-r--r--@   1 tony  staff   104K 19 Jul  2022 ansible.html
-rw-r--r--@   1 tony  staff    69K 24 Aug  2022 antwerp-regular-ffc05f6cc53c764f649997d17a91fc2b2cc2c79ca2e4a0b803084e2f2b6bd649 (1).woff2
-rw-r--r--@   1 tony  staff    69K 24 Aug  2022 antwerp-regular-ffc05f6cc53c764f649997d17a91fc2b2cc2c79ca2e4a0b803084e2f2b6bd649.woff2
-rw-r--r--@   1 tony  staff    45M 24 Mar  2022 aws-daily-report-00001 (1).csv
-rw-r--r--@   1 tony  staff   3.3M 24 Mar  2022 aws-daily-report-00001 (1).csv.gz
-rw-r--r--@   1 tony  staff    44M 24 Mar  2022 aws-daily-report-00001.csv
-rw-r--r--@   1 tony  staff   3.2M 24 Mar  2022 aws-daily-report-00001.csv.gz
-rw-r--r--@   1 tony  staff   9.4K 24 Mar  2022 aws-daily-report-Manifest.json
-rw-r--r--@   1 tony  staff   1.2M 20 Oct 19:12 background.jpg
-rw-r--r--@   1 tony  staff   280K 21 Feb 14:13 benchmark.png
-rw-r--r--@   1 tony  staff   6.5K 31 Aug  2022 cma.pdf
-rw-r--r--@   1 tony  staff   251K 29 Apr  2022 cma_backend.dump
-rw-r--r--@   1 tony  staff   232M 29 Apr  2022 cma_etl_dag.subdag_properties_load_data_properties_2022-04-29T18_54_49.868334+00_00_1.log
drwx------@  52 tony  staff   1.6K  4 Oct 11:13 config/
-rw-r--r--@   1 tony  staff   129K  4 Oct 11:12 config (1).zip
-rw-r--r--@   1 tony  staff   129K  4 Oct 11:12 config.zip
-rw-r--r--@   1 tony  staff   2.1K 15 Nov 16:30 costs (1).csv
-rw-r--r--@   1 tony  staff   210B 15 Nov 16:57 costs (2).csv
-rw-r--r--@   1 tony  staff   210B 15 Nov 19:54 costs (3).csv
-rw-r--r--@   1 tony  staff   210B 15 Nov 20:04 costs (4).csv
-rw-r--r--@   1 tony  staff   210B 15 Nov 21:45 costs (5).csv
-rw-r--r--@   1 tony  staff   163B 15 Nov 22:23 costs (6).csv
-rw-r--r--@   1 tony  staff   335B 16 Nov 13:49 costs (7).csv
-rw-r--r--@   1 tony  staff   2.2K 13 Jun  2022 costs.csv
-rw-r--r--@   1 tony  staff   6.9M 24 Aug  2022 cx_0.1.111_darwin_amd64.zip
-r--------@   1 tony  staff   1.6K  7 Nov 10:40 dashboards-key.pem
-rw-r--r--@   1 tony  staff   102M 28 Apr  2022 dbeaver-ce-22.0.3-macos-aarch64.dmg
-rw-r--r--@   1 tony  staff   3.8K 20 Jul  2022 deployment_playbook.yml
-rw-r--r--@   1 tony  staff   7.6K  7 Nov 18:26 devops.png
-rw-r--r--@   1 tony  staff     0B  6 Feb 11:07 download
-rw-r--r--@   1 tony  staff     0B  6 Feb 11:10 download (1)
-rw-r--r--@   1 tony  staff    68K 25 Jul  2022 download (1).html
-rw-r--r--@   1 tony  staff    55K 24 Nov 10:03 download (2).html
-rw-r--r--@   1 tony  staff    67K 21 Jul  2022 download.html
-r--------    1 tony  staff   1.7K 28 Nov 12:55 dtr-api-production.pem
-r--------    1 tony  staff   1.7K 28 Nov 12:55 dtr-api-sandbox.pem
-r--------    1 tony  staff   1.7K 28 Nov 12:55 dtr-api-staging.pem
-rw-r--r--@   1 tony  staff    21K 22 Aug  2022 error (1).log
-rw-r--r--@   1 tony  staff    21K 22 Aug  2022 error.log
-rw-r--r--@   1 tony  staff   130M 14 Jul  2022 gimp-2.10.32-x86_64.dmg
-rw-r--r--@   1 tony  staff    21K  7 Nov 18:23 github.png
-rw-r--r--@   1 tony  staff   182M  7 Mar  2022 googlechrome.dmg
-rw-r--r--@   1 tony  staff    82K 28 Mar  2022 headshot transp.PNG
-rw-r--r--@   1 tony  staff   1.0K 20 Jun  2022 home.html
-rw-r--r--@   1 tony  staff   769B 20 Jul  2022 hosts.ini
-rw-r--r--@   1 tony  staff   386B 29 Apr  2022 htaccess
-rw-r--r--@   1 tony  staff   3.4K 19 Oct 11:02 icons8-developer-64 (1).png
-rw-r--r--@   1 tony  staff   3.8K 19 Oct 11:01 icons8-developer-64.png
-rw-r--r--@   1 tony  staff   2.0K 19 Oct 11:12 icons8-docker-64 (1).png
-rw-r--r--@   1 tony  staff   2.2K 19 Oct 11:04 icons8-docker-64.png
-rw-r--r--@   1 tony  staff   2.6M 27 Jul  2022 image (1) (1).jpg
-rw-r--r--@   1 tony  staff   2.6M 27 Jul  2022 image (1) (2).jpg
-rw-r--r--@   1 tony  staff   2.6M 27 Jul  2022 image (1).jpg
-rw-r--r--@   1 tony  staff   592K 28 Apr  2022 image (1).png
-rw-r--r--@   1 tony  staff   2.8M 27 Jul  2022 image (2).jpg
-rw-r--r--@   1 tony  staff   157K 16 Jul  2022 image (2).png
-rw-r--r--@   1 tony  staff   191K 20 Oct 19:46 image (3).png
-rw-r--r--@   1 tony  staff    24K 15 Nov 10:34 image (4).png
-rw-r--r--@   1 tony  staff   2.8M 27 Jul  2022 image.jpg
-rw-r--r--@   1 tony  staff   401K 18 Mar  2022 image.png
-rw-r--r--@   1 tony  staff   2.6M  8 Sep 17:53 image0 (1).jpeg
-rw-r--r--@   1 tony  staff   2.6M  8 Sep 17:52 image0.jpeg
-rw-r--r--@   1 tony  staff   720K 16 Sep 10:52 image3.jpeg
-r--------@   1 tony  staff   1.6K 24 Nov 16:51 jenkins-agent-2.pem
-r--------@   1 tony  staff   1.6K 17 Nov 12:56 jenkins-agent.pem
-r--------@   1 tony  staff   1.6K 11 Jul  2022 jenkins-build-server.pem
-r--------@   1 tony  staff   1.6K 28 Nov 14:51 jenkins-deploy-node-1.pem
-r--------@   1 tony  staff   1.6K  2 Dec 10:40 jenkins-deploy-node-2.pem
-r--------@   1 tony  staff   1.6K 26 Sep 15:34 jenkins-image.pem
-r--------@   1 tony  staff   1.6K 12 Aug  2022 jenkins-new.pem
-r--------@   1 tony  staff   1.6K 12 Aug  2022 jenkins-recover.pem
-rw-r--r--@   1 tony  staff    21K 16 Dec 16:10 jenkins.yaml
-rw-r--r--@   1 tony  staff   8.1M  7 Nov 13:14 libvips-8.10.0-linux-arm64v8.tar.gz
-rw-r--r--@   1 tony  staff   3.4M 19 Sep 15:25 linux-x64-64_binding.node
-rw-r--r--@   1 tony  staff   3.8M  3 Mar 08:52 lofi_generator.png
-rw-r--r--@   1 tony  staff    29K  7 Nov 18:27 medium.png
-rw-r--r--@   1 tony  staff     0B  7 Sep 16:20 monitor
-rw-r--r--@   1 tony  staff   5.8K 23 Feb 09:09 museum-icon-12886.png
-rw-r--r--@   1 tony  staff    26K 22 Aug  2022 netlitify_output.log
-rw-r--r--@   1 tony  staff   2.4K 10 May  2022 newrelic (1).yml
-rw-r--r--@   1 tony  staff   2.4K 10 May  2022 newrelic (2).yml
-rw-r--r--@   1 tony  staff   2.4K 10 May  2022 newrelic (3).yml
-rw-r--r--@   1 tony  staff   2.4K 12 May  2022 newrelic (4).yml
-rw-r--r--@   1 tony  staff   2.4K 12 May  2022 newrelic (5).yml
-rw-r--r--@   1 tony  staff   2.4K 10 May  2022 newrelic.yml
-rw-r--r--@   1 tony  staff    54M 25 Jul  2022 node-v16.16.0.pkg
-rw-r--r--@   1 tony  staff    78K 10 Aug  2022 notifications.html
-rw-r--r--@   1 tony  staff   1.2M 12 Jul  2022 pexels-maria-orlova-4947417.jpg
-rw-r--r--@   1 tony  staff    22M  6 Dec 13:43 postgresql-9.4.0.tar.gz
-rw-r--r--@   1 tony  staff   118K  7 Dec 10:37 postgresql.log.2022-12-07-18
-rw-r--r--@   1 tony  staff    24M 15 Sep 13:27 python-2.7.18-macosx10.9.pkg
-rw-r--r--@   1 tony  staff   1.6K 26 May  2022 r2-jobs-server.pem
-rw-r--r--@   1 tony  staff   1.6G 17 Oct 10:20 r2_development_bkp (1).dump
-rw-r--r--    1 tony  staff   1.6G 16 Sep 09:51 r2_development_bkp.dump
-r--------@   1 tony  staff   1.6K  6 Dec 14:09 rails-rennie-new-qa.pem
-rw-r--r--@   1 tony  staff   5.9K 18 Jul  2022 rails-rennie-qa-2-stage-dozxo.crt
-rw-r--r--@   1 tony  staff   3.2K 18 Jul  2022 rails-rennie-qa-2-stage-dozxo.key
-rw-r--r--@   1 tony  staff   1.6K  7 Dec 11:21 rails-rennie-qa-new.pem
-r--------@   1 tony  staff   1.6K  6 Dec 09:32 rails-rennie-qa.pem
-rw-r--r--    1 tony  staff    23K 28 Nov 15:12 rennie-ansible-deployment.tar.gz
-rw-r--r--@   1 tony  staff   1.6K 26 May  2022 rennie-com-job-server-new.pem
-r--------@   1 tony  staff   1.6K  8 Dec 11:07 rennie-com-qa-newest.pem
-rw-r--r--@   1 tony  staff   1.6K 20 May  2022 rennie-com-sandbox-new.pem
-r--------@   1 tony  staff   1.6K 12 Dec 15:04 rennie-com-sandbox-v2.pem
-rw-r--r--@   1 tony  staff   1.6K  7 Jun  2022 rennie-jobs-production.pem
-r--------@   1 tony  staff   1.6K 18 Jan 11:03 rennie-secrets-manager.pem
-rw-r--r--@   1 tony  staff   972B 21 Sep 14:29 rennie.png
-rw-r--r--@   1 tony  staff    39M 21 Sep 11:58 rennie_august152022.mp3
-rw-r--r--@   1 tony  staff    16K 21 Sep 14:30 rennie_logo.jpg
-rw-r--r--@   1 tony  staff   4.1K 21 Sep 14:30 rennie_logo.png
-rw-r--r--@   1 tony  staff   534B 13 Jun  2022 savings-plans-recommendations (1).csv
-rw-r--r--@   1 tony  staff   1.4K 13 Jun  2022 savings-plans-recommendations.csv
-rw-r--r--@   1 tony  staff   231M 13 Jun  2022 signal-desktop-mac-universal-5.45.1.dmg
drwxr-xr-x@   7 tony  staff   224B 30 Mar  2022 ssh_keys/
-rw-r--r--@   1 tony  staff    77K 30 Mar  2022 ssh_keys.zip
-rw-r--r--@   1 tony  staff   301B 20 Jul  2022 staging.yml
drwx------@   4 tony  staff   128B 31 Jan 11:46 star_rennie_com_193560278/
-rw-r--r--@   1 tony  staff   3.2K 29 Apr  2022 star_rennie_com_193560278.zip
drwx------@   5 tony  staff   160B 31 Jan 13:40 star_rennie_com_355095388/
-rw-r--r--@   1 tony  staff   4.7K 30 Jan 16:37 star_rennie_com_355095388 (1).zip
drwx------@   5 tony  staff   160B 30 Jan 17:10 star_rennie_com_355095388 (2)/
-rw-r--r--@   1 tony  staff   4.7K 30 Jan 17:10 star_rennie_com_355095388 (2).zip
-rw-r--r--@   1 tony  staff   4.7K 31 Jan 12:00 star_rennie_com_355095388 (3).zip
drwx------@   5 tony  staff   160B 31 Jan 12:00 star_rennie_com_355095388 (4)/
-rw-r--r--@   1 tony  staff   4.7K 31 Jan 12:00 star_rennie_com_355095388 (4).zip
-rw-r--r--@   1 tony  staff   4.7K 30 Jan 16:36 star_rennie_com_355095388.zip
-rw-r--r--@   1 tony  staff   6.5K 11 Jan 11:20 status_reports_Wed Jan 11 2023 11_20_09 GMT-0800 (Pacific Standard Time).csv
-rw-r--r--@   1 tony  staff    26K 13 Feb 15:45 supernovo4 (1).png
-rw-r--r--@   1 tony  staff    26K 13 Feb 15:45 supernovo4.png
-rw-r--r--@   1 tony  staff   189K  8 Sep 20:28 ten-ways-to-experience-yaletown (1).html
-rw-r--r--@   1 tony  staff   189K  8 Sep 20:36 ten-ways-to-experience-yaletown (2).html
-rw-r--r--@   1 tony  staff   189K  8 Sep 20:28 ten-ways-to-experience-yaletown.html
-rw-r--r--@   1 tony  staff   1.8K 29 Mar  2022 terraform.json
-rw-r--r--@   1 tony  staff    10B 11 Jan 10:37 test10 (1).txt
-rw-r--r--@   1 tony  staff    10B 11 Jan 09:44 test10.txt
-rw-r--r--@   1 tony  staff     9B 20 Dec 11:41 test_upload-rdesk-resource.txt
-rw-r--r--@   1 tony  staff   1.7K  6 Apr  2022 tf-test-PRODUCTION.pem
-rw-r--r--@   1 tony  staff   1.7K  6 Apr  2022 tf-test-STAGING.pem
-rw-r--r--@   1 tony  staff   1.7K  6 Apr  2022 tf-test-sandbox.pem
-rw-r--r--@   1 tony  staff    59K  2 Apr  2022 tonytruong paystub2.pdf
-r--------@   1 tony  staff   1.6K 20 Oct 11:09 tonytruong-devops.pem
-rw-r--r--@   1 tony  staff    22M  6 Dec 13:43 tonytruong@ec2-35-182-173-189.ca-central-1.compute.amazonaws.com
-rw-r--r--@   1 tony  staff    96B 11 Mar  2022 ttruong@rennie.com_accessKeys.csv
-rw-r--r--@   1 tony  staff   1.4G  3 Jan 10:44 ubuntu-22.04.1-live-server-amd64.iso
-rw-r--r--@   1 tony  staff   1.3M 10 Nov 21:19 website_background.jpg
tony@Tonys-MBP Downloads % docker cp ~/Downloads/r2_development_bkp.dump rails-rennie_postgres_1:./r2_development_bkp.dump                   
Error: No such container:path: rails-rennie_postgres_1:.
tony@Tonys-MBP Downloads % docker cp ~/Downloads/r2_development_bkp.dump rails-rennie_postgres_1:./r2_development_bkp.dump 
Error: No such container:path: rails-rennie_postgres_1:.
tony@Tonys-MBP Downloads % docker cp ~/Downloads/r2_development_bkp.dump rails-rennie_postgres_1:/r2_development_bkp.dump 
Error: No such container:path: rails-rennie_postgres_1:/
tony@Tonys-MBP Downloads % docker ps
CONTAINER ID   IMAGE                    COMMAND                  CREATED         STATUS         PORTS                              NAMES
849cee59fc40   rails-rennie-3.20.5      "/bin/sh"                4 minutes ago   Up 4 minutes   0.0.0.0:3000->3000/tcp, 5432/tcp   rails-rennie-web-1
820fc5424e76   bitnami/redis:latest     "/opt/bitnami/script…"   4 minutes ago   Up 4 minutes   0.0.0.0:6379->6379/tcp             rails-rennie-redis-1
e580016f3cb8   postgis/postgis:11-3.3   "docker-entrypoint.s…"   4 minutes ago   Up 4 minutes   0.0.0.0:5432->5432/tcp             rails-rennie-postgres-1
2162dee54dae   search-browse-3.20.5     "docker-entrypoint.s…"   4 minutes ago   Up 4 minutes   0.0.0.0:3001->3001/tcp, 5432/tcp   rails-rennie-search-browse-test-1
tony@Tonys-MBP Downloads % cd ~       
tony@Tonys-MBP ~ % docker cp ~/Downloads/r2_development_bkp.dump rails-rennie_postgres_1:/r2_development_bkp.dump
Error: No such container:path: rails-rennie_postgres_1:/
tony@Tonys-MBP ~ % docker exec rails-rennie_postgres_1 pg_restore --jobs=4 -U postgres -d rennie_development /r2_development_bkp.dump
Error: No such container: rails-rennie_postgres_1
tony@Tonys-MBP ~ % docker exec rails-rennie-postgres-1 pg_restore --jobs=4 -U postgres -d rennie_development /r2_development_bkp.dump
pg_restore: [archiver] unsupported version (1.14) in file header
tony@Tonys-MBP ~ % docker exec rails-rennie-postgres-1 pg_restore -U postgres -d rennie_development /r2_development_bkp.dump 
pg_restore: [archiver] unsupported version (1.14) in file header
tony@Tonys-MBP ~ % docker exec rails-rennie-postgres-1 pg_restore -U duyle -d rennie_development /r2_development_bkp.dump
pg_restore: [archiver] unsupported version (1.14) in file header
tony@Tonys-MBP ~ % docker exec rails-rennie-postgres-1 pg_restore -U postgres -d rennie_development /r2_development_bkp.dump
pg_restore: [archiver] unsupported version (1.14) in file header
tony@Tonys-MBP ~ % docker exec -i rails-rennie-postgres-1 pg_restore -U postgres -d rennie_development /r2_development_bkp.dump
pg_restore: [archiver] unsupported version (1.14) in file header
tony@Tonys-MBP ~ % file ~/Downloads/r2_development_bkp.dump 
/Users/tony/Downloads/r2_development_bkp.dump: PostgreSQL custom database dump - v1.14-0
tony@Tonys-MBP ~ % which pg_dump
/usr/local/bin/pg_dump
tony@Tonys-MBP ~ % docker exec rails-rennie-postgres-1 pg_restore -U postgres -d rennie_development /r2_development_bkp.dump
pg_restore: [archiver] unsupported version (1.14) in file header
tony@Tonys-MBP ~ % docker exec rails-rennie-postgres-1 psql rennie_development < /r2_development_bkp.dump
zsh: no such file or directory: /r2_development_bkp.dump
tony@Tonys-MBP ~ % docker exec rails-rennie-postgres-1 psql rennie_development < ./r2_development_bkp.dump
zsh: no such file or directory: ./r2_development_bkp.dump
tony@Tonys-MBP ~ % docker exec rails-rennie-postgres-1 psql rennie_development < ./r2_development_bkp.dump
zsh: no such file or directory: ./r2_development_bkp.dump
tony@Tonys-MBP ~ % docker exec rails-rennie-postgres-1 psql rennie_development < /r2_development_bkp.dump 
zsh: no such file or directory: /r2_development_bkp.dump
tony@Tonys-MBP ~ % docker exec rails-rennie-postgres-1 psql rennie_development < rails-rennie-postgres-1:/r2_development_bkp.dump
zsh: no such file or directory: rails-rennie-postgres-1:/r2_development_bkp.dump
tony@Tonys-MBP ~ % docker exec rails-rennie-postgres-1 psql rennie_development < rails-rennie-postgres-1:./r2_development_bkp.dump
zsh: no such file or directory: rails-rennie-postgres-1:./r2_development_bkp.dump
tony@Tonys-MBP ~ % docker exec rails-rennie-postgres-1 psql -c rennie_development < ./r2_development_bkp.dump
zsh: no such file or directory: ./r2_development_bkp.dump
tony@Tonys-MBP ~ % docker exec rails-rennie-postgres-1 psql rennie_development < ./r2_development_bkp.dump
zsh: no such file or directory: ./r2_development_bkp.dump
tony@Tonys-MBP ~ % docker exec rails-rennie-postgres-1 psql rennie_development <                          
zsh: parse error near `\n'
tony@Tonys-MBP ~ % docker exec rails-rennie-postgres-1 psql rennie_development  
psql: connection to server on socket "/var/run/postgresql/.s.PGSQL.5432" failed: FATAL:  role "root" does not exist
tony@Tonys-MBP ~ % docker exec -u postgres rails-rennie-postgres-1 psql rennie_development 
tony@Tonys-MBP ~ % docker exec -u postgres rails-rennie-postgres-1 psql rennie_development < ~/Downloads/r2_development_bkp.dump 
tony@Tonys-MBP ~ % docker exec -u postgres rails-rennie-postgres-1 psql rennie_development < /Downloads/r2_development_bkp.dump 
zsh: no such file or directory: /Downloads/r2_development_bkp.dump
tony@Tonys-MBP ~ % docker exec -u postgres rails-rennie-postgres-1 psql rennie_development < ~/Downloads/r2_development_bkp.dump
tony@Tonys-MBP ~ % docker exec rails-rennie_postgres_1 pg_restore --jobs=4 -U postgres -d rennie_development /r2_development_bkp.dump
Error: No such container: rails-rennie_postgres_1
tony@Tonys-MBP ~ % docker exec rails-rennie-postgres-1 pg_restore --jobs=4 -U postgres -d rennie_development /r2_development_bkp.dump
pg_restore: [archiver] unsupported version (1.14) in file header
tony@Tonys-MBP ~ % docker exec rails-rennie-postgres-1 pg_dump --jobs=4 -U postgres -d rennie_development /r2_development_bkp.dump
pg_dump: too many command-line arguments (first is "/r2_development_bkp.dump")
Try "pg_dump --help" for more information.
tony@Tonys-MBP ~ % docker exec rails-rennie-postgres-1 psql --jobs=4 -U postgres -d rennie_development /r2_development_bkp.dump
/usr/lib/postgresql/11/bin/psql: unrecognized option '--jobs=4'
Try "psql --help" for more information.
tony@Tonys-MBP ~ % docker exec rails-rennie-postgres-1 psql -U postgres -d rennie_development /r2_development_bkp.dump 
psql: warning: extra command-line argument "/r2_development_bkp.dump" ignored
tony@Tonys-MBP ~ % docker exec rails-rennie-postgres-1 psql -U postgres -d rennie_development ./r2_development_bkp.dump
psql: warning: extra command-line argument "./r2_development_bkp.dump" ignored
tony@Tonys-MBP ~ % docker exec rails-rennie-postgres-1 psql -U postgres -d rennie_development ~/r2_development_bkp.dump
psql: warning: extra command-line argument "/Users/tony/r2_development_bkp.dump" ignored
tony@Tonys-MBP ~ % docker exec rails-rennie-postgres-1 psql -U postgres -d rennie_development rails-rennie-postgres-1:./r2_development_bkp.dump
psql: warning: extra command-line argument "rails-rennie-postgres-1:./r2_development_bkp.dump" ignored
tony@Tonys-MBP ~ % docker exec rails-rennie-postgres-1 psql -U postgres -d rennie_development rails-rennie-postgres-1:/r2_development_bkp.dump 
psql: warning: extra command-line argument "rails-rennie-postgres-1:/r2_development_bkp.dump" ignored
tony@Tonys-MBP ~ % docker exec rails-rennie-postgres-1 psql -U postgres -d rennie_development                                                 
tony@Tonys-MBP ~ % vi r2-dockerized/rails-rennie/Dockerfile
tony@Tonys-MBP ~ % vi r2-dockerized/rails-rennie/Dockerfile-jenkins 
tony@Tonys-MBP ~ % vi r2-dockerized/rails-rennie/Dockerfile-jenkins

# Stage 1: Building the app dependencies
FROM ruby:2.7.0 AS builder

ENV INSTALL_PATH /opt/app/rails-rennie/vendor/bundle
ENV BUNDLE_PATH=/opt/app/rails-rennie/vendor/bundle

# Copy the source code
COPY ./Gemfile-docker ./opt/app/rails-rennie/Gemfile
COPY ./Gemfile-docker.lock ./opt/app/rails-rennie/Gemfile.lock
COPY ./app/ ./opt/app/rails-rennie/app

RUN mkdir -p $INSTALL_PATH

# Install package dependencies
RUN apt-get install curl
RUN apt-get update && \
    apt-get -y install sudo && \
    apt-get -y install git && \
    apt-get -y install shared-mime-info && \
    apt-get -y install postgresql-client && \
    curl -sL https://deb.nodesource.com/setup_8.x | sudo -E bash - && \
    curl -o- https://raw.githubusercontent.com/creationix/nvm/v0.34.0/install.sh | bash && \
    apt-get -y install nodejs && \
    curl -sS https://dl.yarnpkg.com/debian/pubkey.gpg | sudo apt-key add - && \
    echo "deb https://dl.yarnpkg.com/debian/ rc main" | sudo tee /etc/apt/sources.list.d/yarn.list && \
    apt-get update && apt-get -y install yarn

ENV NVM_DIR=/root/.nvm
ENV NODE_VERSION=v9.4.0

RUN . $HOME/.nvm/nvm.sh && nvm install $NODE_VERSION && nvm alias default $NODE_VERSION && nvm use default

# Install the bundle with the gems

WORKDIR /opt/app/rails-rennie

RUN gem install bundler -v 2.1.2

RUN MAKE="make --jobs 4" bundle install --path=/opt/app/rails-rennie/vendor/bundle

# Stage 2: Running the app
FROM ruby:2.7.0

# Copy the app and its dependencies from the builder stage

COPY --from=builder \
    /usr/bin/git \
    /usr/bin/node \
    /usr/bin/yarn \
    /usr/local/bin/bundler \
    /usr/local/bundle \
    /opt/app/rails-rennie/

COPY --from=builder /opt/app/rails-rennie/vendor/bundle /opt/app/rails-rennie/vendor/bundle
COPY --from=builder /opt/app/rails-rennie/app /opt/app/rails-rennie/app

# COPY the application code into final image layer

COPY ./ /opt/app/rails-rennie
COPY ./Gemfile-docker /opt/app/rails-rennie/Gemfile
COPY ./Gemfile-docker.lock /opt/app/rails-rennie/Gemfile.lock

ENV BUNDLE_PATH=/opt/app/rails-rennie/vendor/bundle

# Install runtime dependencies

RUN apt-get update && \
    apt-get -y install sudo && \
    apt-get -y install curl && \
    apt-get -y install shared-mime-info postgresql-client && \
    curl -sL https://deb.nodesource.com/setup_8.x | sudo -E bash - && \
    curl -o- https://raw.githubusercontent.com/creationix/nvm/v0.34.0/install.sh | bash && \
    apt-get -y install nodejs && \
    curl -sS https://dl.yarnpkg.com/debian/pubkey.gpg | sudo apt-key add - && \
    echo "deb https://dl.yarnpkg.com/debian/ rc main" | sudo tee /etc/apt/sources.list.d/yarn.list && \
    apt-get update && apt-get -y install yarn



# Set the default working directory for the application

WORKDIR /opt/app/rails-rennie

# Expose the ports for the app
EXPOSE 5432
EXPOSE 3000

# Run a shell
CMD ["/bin/sh"]
